Microchip MPLAB XC8 Compiler V3.10

Linker command line:

-W-3 \
  --edf=C:\Program Files\Microchip\xc8\v3.10\pic\dat\20250813170317_en.msgs \
  -pivt0x8=08h -cn -h+dist/default/debug\ADC_LCD.X.debug.sym \
  --cmf=dist/default/debug\ADC_LCD.X.debug.cmf -z -Q18F47K42 \
  -oC:\Users\gutie\AppData\Local\Temp\xcAs5qo.0\driver_tmp_3.o \
  --defsym=__MPLAB_BUILD=1 --fixupoverflow=error \
  -Mdist/default/debug/ADC_LCD.X.debug.map \
  --md=C:\Users\gutie\AppData\Local\Temp\xcAs5qo.0\driver_tmp_0.dat -E1 \
  -ver=XC8 Compiler -ACODE=00h-01FFFFh -ACONST=00h-01FFFFh \
  -ASMALLCONST=02000h-020FFhx224,012000h-0120FFhx224 \
  -AMEDIUMCONST=02000h-0FFFFh,012000h-01FFFFh -ACOMRAM=01h-05Fh \
  -AABS1=00h-01FFFh -ABIGRAM=01h-01FFFh -ARAM=060h-0FFh,0100h-01FFhx31 \
  -ABANK0=060h-0FFh -ABANK1=0100h-01FFh -ABANK2=0200h-02FFh \
  -ABANK3=0300h-03FFh -ABANK4=0400h-04FFh -ABANK5=0500h-05FFh \
  -ABANK6=0600h-06FFh -ABANK7=0700h-07FFh -ABANK8=0800h-08FFh \
  -ABANK9=0900h-09FFh -ABANK10=0A00h-0AFFh -ABANK11=0B00h-0BFFh \
  -ABANK12=0C00h-0CFFh -ABANK13=0D00h-0DFFh -ABANK14=0E00h-0EFFh \
  -ABANK15=0F00h-0FFFh -ABANK16=01000h-010FFh -ABANK17=01100h-011FFh \
  -ABANK18=01200h-012FFh -ABANK19=01300h-013FFh -ABANK20=01400h-014FFh \
  -ABANK21=01500h-015FFh -ABANK22=01600h-016FFh -ABANK23=01700h-017FFh \
  -ABANK24=01800h-018FFh -ABANK25=01900h-019FFh -ABANK26=01A00h-01AFFh \
  -ABANK27=01B00h-01BFFh -ABANK28=01C00h-01CFFh -ABANK29=01D00h-01DFFh \
  -ABANK30=01E00h-01EFFh -ABANK31=01F00h-01FFFh \
  -ASFR=03800h-038FFhx7,03F00h-03F5Fh,03F60h-03FFFh -ABIGSFR=03800h-03FFFh \
  -ACONFIG=0300000h-0300009h -AIDLOC=0200000h-020000Fh \
  -AEEDATA=0310000h-03103FFh -peeprom_data=EEDATA -preset_vec=00h \
  -ppowerup=CODE,init -pramtop=02000h -psmallconst=SMALLCONST \
  -pmediumconst=MEDIUMCONST -pconst=CONST -AFARRAM=00h-00h \
  -prdata=COMRAM,nvrram=COMRAM,nvbit=COMRAM,rbss=COMRAM,rbit=COMRAM \
  -pfarbss=FARRAM,fardata=FARRAM,nvFARRAM=FARRAM \
  -pintsave_regs=BIGRAM,bigbss=BIGRAM,bigdata=BIGRAM -pbss=RAM \
  -pidata=CODE,irdata=CODE,ibigdata=CODE,ifardata=CODE -prparam=COMRAM \
  C:\Users\gutie\AppData\Local\Temp\xcAs5qo.0\driver_tmp_14.o \
  dist/default/debug\ADC_LCD.X.debug.o 

Object code version is 3.11

Machine type is 18F47K42



                Name                               Link     Load   Length Selector   Space Scale
C:\Users\gutie\AppData\Local\Temp\xcAs5qo.0\driver_tmp_14.o
                config                           300000   300000        A        0       4
                init                                 AE       AE        4        4       0
                reset_vec                             0        0        4        0       0
dist/default/debug\ADC_LCD.X.debug.o
                config                           300000   300000        A        0       4
                smallconst                         2000     2000       72     1000       0
                ivt0x8                                8        8       A6        4       0
                text33                             2D00     2D00       4E     1039       0
                text32                             2FF2     2FF2       16     1039       0
                text31                             2B18     2B18       7E     1039       0
                text30                             2F90     2F90       1C     1039       0
                text29                             3018     3018       10     1039       0
                text28                             2CB2     2CB2       4E     1039       0
                text27                             2FDC     2FDC       16     1039       0
                text26                             2D4E     2D4E       4A     1039       0
                text25                             2FAC     2FAC       1A     1039       0
                text24                             2F20     2F20       2A     1039       0
                text23                             2E90     2E90       32     1039       0
                text22                             3028     3028        8     1039       0
                text21                             2FC6     2FC6       16     1039       0
                text20                             3008     3008       10     1039       0
                text19                             2C64     2C64       4E     1039       0
                text18                             2F72     2F72       1E     1039       0
                text17                             2EF2     2EF2       2E     1039       0
                text16                             2C00     2C00       64     1039       0
                text15                             2D98     2D98       48     1039       0
                text14                             2B96     2B96       6A     1039       0
                text13                             273E     273E      10A     1039       0
                text12                             2848     2848       EA     1039       0
                text11                             2E5C     2E5C       34     1039       0
                text10                             3030     3030        2     1039       0
                text9                              29E8     29E8       AC     1039       0
                text8                              2E22     2E22       3A     1039       0
                text7                              2A94     2A94       84     1039       0
                text6                              2464     2464      18C     1039       0
                text5                              2932     2932       B6     1039       0
                text4                              2072     2072      220     1039       0
                text3                              2DE0     2DE0       42     1039       0
                text2                              2EC2     2EC2       30     1039       0
                text1                              25F0     25F0      14E     1039       0
                text0                              2292     2292      1D2     1039       0
                cstackCOMRAM                          1        1       52        1       1
                cstackBANK0                          60       60       47       60       1
                bssBANK0                             A7       A7       20       60       1
                bssCOMRAM                            53       53        5        1       1
                cinit                              2F4A     2F4A       28     1039       0

TOTAL           Name                               Link     Load   Length     Space
        CLASS   CODE           
                init                                 AE       AE        4         0
                reset_vec                             0        0        4         0
                ivt0x8                                8        8       A6         0
                text33                             2D00     2D00       4E         0
                text32                             2FF2     2FF2       16         0
                text31                             2B18     2B18       7E         0
                text30                             2F90     2F90       1C         0
                text29                             3018     3018       10         0
                text28                             2CB2     2CB2       4E         0
                text27                             2FDC     2FDC       16         0
                text26                             2D4E     2D4E       4A         0
                text25                             2FAC     2FAC       1A         0
                text24                             2F20     2F20       2A         0
                text23                             2E90     2E90       32         0
                text22                             3028     3028        8         0
                text21                             2FC6     2FC6       16         0
                text20                             3008     3008       10         0
                text19                             2C64     2C64       4E         0
                text18                             2F72     2F72       1E         0
                text17                             2EF2     2EF2       2E         0
                text16                             2C00     2C00       64         0
                text15                             2D98     2D98       48         0
                text14                             2B96     2B96       6A         0
                text13                             273E     273E      10A         0
                text12                             2848     2848       EA         0
                text11                             2E5C     2E5C       34         0
                text10                             3030     3030        2         0
                text9                              29E8     29E8       AC         0
                text8                              2E22     2E22       3A         0
                text7                              2A94     2A94       84         0
                text6                              2464     2464      18C         0
                text5                              2932     2932       B6         0
                text4                              2072     2072      220         0
                text3                              2DE0     2DE0       42         0
                text2                              2EC2     2EC2       30         0
                text1                              25F0     25F0      14E         0
                text0                              2292     2292      1D2         0
                cinit                              2F4A     2F4A       28         0

        CLASS   CONST          

        CLASS   SMALLCONST     
                smallconst                         2000     2000       72         0

        CLASS   MEDIUMCONST    

        CLASS   COMRAM         
                cstackCOMRAM                          1        1       52         1
                bssCOMRAM                            53       53        5         1

        CLASS   ABS1           

        CLASS   BIGRAM         

        CLASS   RAM            

        CLASS   BANK0          
                cstackBANK0                          60       60       47         1
                bssBANK0                             A7       A7       20         1

        CLASS   BANK1          

        CLASS   BANK2          

        CLASS   BANK3          

        CLASS   BANK4          

        CLASS   BANK5          

        CLASS   BANK6          

        CLASS   BANK7          

        CLASS   BANK8          

        CLASS   BANK9          

        CLASS   BANK10         

        CLASS   BANK11         

        CLASS   BANK12         

        CLASS   BANK13         

        CLASS   BANK14         

        CLASS   BANK15         

        CLASS   BANK16         

        CLASS   BANK17         

        CLASS   BANK18         

        CLASS   BANK19         

        CLASS   BANK20         

        CLASS   BANK21         

        CLASS   BANK22         

        CLASS   BANK23         

        CLASS   BANK24         

        CLASS   BANK25         

        CLASS   BANK26         

        CLASS   BANK27         

        CLASS   BANK28         

        CLASS   BANK29         

        CLASS   BANK30         

        CLASS   BANK31         

        CLASS   SFR            

        CLASS   BIGSFR         

        CLASS   CONFIG         
                config                           300000   300000        A         4

        CLASS   IDLOC          

        CLASS   EEDATA         

        CLASS   FARRAM         

        CLASS   HEAP           

        CLASS   STACK          



SEGMENTS        Name                           Load    Length   Top    Selector   Space  Class

                reset_vec                      000000  000004  000004         0       0  CODE    
                cstackCOMRAM                   000001  000057  000058         1       1  COMRAM  
                ivt0x8                         000008  0000AA  0000B2         4       0  CODE    
                cstackBANK0                    000060  000067  0000C7        60       1  BANK0   
                smallconst                     002000  000072  002072      1000       0  SMALLCON
                text4                          002072  000FC0  003032      1039       0  CODE    


UNUSED ADDRESS RANGES

        Name                Unused          Largest block    Delta
        BANK0            0000C7-0000FF               39
        BANK1            000100-0001FF              100
        BANK10           000A00-000AFF              100
        BANK11           000B00-000BFF              100
        BANK12           000C00-000CFF              100
        BANK13           000D00-000DFF              100
        BANK14           000E00-000EFF              100
        BANK15           000F00-000FFF              100
        BANK16           001000-0010FF              100
        BANK17           001100-0011FF              100
        BANK18           001200-0012FF              100
        BANK19           001300-0013FF              100
        BANK2            000200-0002FF              100
        BANK20           001400-0014FF              100
        BANK21           001500-0015FF              100
        BANK22           001600-0016FF              100
        BANK23           001700-0017FF              100
        BANK24           001800-0018FF              100
        BANK25           001900-0019FF              100
        BANK26           001A00-001AFF              100
        BANK27           001B00-001BFF              100
        BANK28           001C00-001CFF              100
        BANK29           001D00-001DFF              100
        BANK3            000300-0003FF              100
        BANK30           001E00-001EFF              100
        BANK31           001F00-001FFF              100
        BANK4            000400-0004FF              100
        BANK5            000500-0005FF              100
        BANK6            000600-0006FF              100
        BANK7            000700-0007FF              100
        BANK8            000800-0008FF              100
        BANK9            000900-0009FF              100
        BIGRAM           000058-00005F                8
                         0000C7-001FFF             1F39
        BIGSFR           003800-003FFF              800
        CODE             000004-000007                4
                         0000B2-001FFF             1F4E
                         003032-01FFFF            1CFCE
        COMRAM           000058-00005F                8
        CONST            000004-000007                4
                         0000B2-001FFF             1F4E
                         003032-01FFFF            1CFCE
        EEDATA           310000-3103FF              400
        IDLOC            200000-20000F               10
        MEDIUMCONST      003032-00FFFF             CFCE
                         012000-01FFFF             E000
        RAM              0000C7-001FFF              100
        SFR              003800-003FFF              100
        SMALLCONST       003032-00FFFF              100
                         012000-01FFFF              100

                                  Symbol Table

?_MPU6050_Read16               cstackCOMRAM 00000B
?___aldiv                      cstackCOMRAM 000014
?___almod                      cstackCOMRAM 000008
?___lmul                       cstackCOMRAM 000008
?_abs                          cstackCOMRAM 000012
?_read_prec_or_width           cstackCOMRAM 000008
?_sprintf                      cstackCOMRAM 00003D
?_vfprintf                     cstackCOMRAM 000039
I2C_Read@ack                   cstackCOMRAM 000008
I2C_Read@data                  cstackCOMRAM 000009
I2C_Read@i                     cstackCOMRAM 00000A
I2C_Write@data                 cstackCOMRAM 000008
I2C_Write@i                    cstackCOMRAM 000009
INT0_ISR@i                     cstackCOMRAM 000006
IVTBASEH                       (abs)        003FD6
IVTBASEL                       (abs)        003FD5
IVTBASEU                       (abs)        003FD7
LCD_Char@data                  cstackCOMRAM 000008
LCD_Command@cmd                cstackCOMRAM 000009
LCD_String@msg                 cstackCOMRAM 000009
LCD_String_xy@location         cstackCOMRAM 00000D
LCD_String_xy@msg              cstackCOMRAM 00000B
LCD_String_xy@pos              cstackCOMRAM 00000A
LCD_String_xy@row              cstackCOMRAM 00000C
MPU6050_Read16@high            cstackCOMRAM 000010
MPU6050_Read16@low             cstackCOMRAM 000011
MPU6050_Read16@reg             cstackCOMRAM 00000F
MPU6050_Write@data             cstackCOMRAM 00000A
MPU6050_Write@reg              cstackCOMRAM 00000B
_ANSELB                        (abs)        003A50
_ANSELCbits                    (abs)        003A60
_ANSELD                        (abs)        003A70
_ANSELDbits                    (abs)        003A70
_Button_Interrupt_Init         text30       002F90
_I2C_Delay                     text22       003028
_I2C_Init                      text29       003018
_I2C_Read                      text16       002C00
_I2C_Start                     text21       002FC6
_I2C_Stop                      text20       003008
_I2C_Write                     text19       002C64
_INT0PPS                       (abs)        003AC0
_INT0_ISR                      text31       002B18
_INTCON0bits                   (abs)        003FD2
_LATB                          (abs)        003FBB
_LATCbits                      (abs)        003FBC
_LATD                          (abs)        003FBD
_LATDbits                      (abs)        003FBD
_LCD_Char                      text25       002FAC
_LCD_Clear                     text27       002FDC
_LCD_Command                   text28       002CB2
_LCD_Init                      text26       002D4E
_LCD_String                    text24       002F20
_LCD_String_xy                 text23       002E90
_MPU6050_Init                  text17       002EF2
_MPU6050_Read16                text15       002D98
_MPU6050_Write                 text18       002F72
_PIE1bits                      (abs)        003991
_PIR1bits                      (abs)        0039A1
_PORTCbits                     (abs)        003FCC
_PORTDbits                     (abs)        003FCD
_TRISB                         (abs)        003FC3
_TRISCbits                     (abs)        003FC4
_TRISD                         (abs)        003FC5
_TRISDbits                     (abs)        003FC5
__HRAM                         (abs)        000000
__H__absolute__                __absolute__ 000000
__Habs1                        abs1         000000
__Hbank0                       bank0        000000
__Hbank1                       bank1        000000
__Hbank10                      bank10       000000
__Hbank11                      bank11       000000
__Hbank12                      bank12       000000
__Hbank13                      bank13       000000
__Hbank14                      bank14       000000
__Hbank15                      bank15       000000
__Hbank16                      bank16       000000
__Hbank17                      bank17       000000
__Hbank18                      bank18       000000
__Hbank19                      bank19       000000
__Hbank2                       bank2        000000
__Hbank20                      bank20       000000
__Hbank21                      bank21       000000
__Hbank22                      bank22       000000
__Hbank23                      bank23       000000
__Hbank24                      bank24       000000
__Hbank25                      bank25       000000
__Hbank26                      bank26       000000
__Hbank27                      bank27       000000
__Hbank28                      bank28       000000
__Hbank29                      bank29       000000
__Hbank3                       bank3        000000
__Hbank30                      bank30       000000
__Hbank31                      bank31       000000
__Hbank4                       bank4        000000
__Hbank5                       bank5        000000
__Hbank6                       bank6        000000
__Hbank7                       bank7        000000
__Hbank8                       bank8        000000
__Hbank9                       bank9        000000
__Hbigbss                      bigbss       000000
__Hbigdata                     bigdata      000000
__Hbigram                      bigram       000000
__Hbigsfr                      bigsfr       000000
__Hbss                         bss          000000
__HbssBANK0                    bssBANK0     000000
__HbssCOMRAM                   bssCOMRAM    000000
__Hcinit                       cinit        000000
__Hclrtext                     clrtext      000000
__Hcomram                      comram       000000
__Hconfig                      config       30000A
__Hconst                       const        000000
__HcstackBANK0                 cstackBANK0  000000
__HcstackCOMRAM                cstackCOMRAM 000000
__Hdata                        data         000000
__Heeprom_data                 eeprom_data  000000
__Hfarbss                      farbss       000000
__Hfardata                     fardata      000000
__Hheap                        heap         000000
__Hibigdata                    ibigdata     000000
__Hidata                       idata        000000
__Hidloc                       idloc        000000
__Hifardata                    ifardata     000000
__Hinit                        init         0000B2
__Hintsave_regs                intsave_regs 000000
__Hirdata                      irdata       000000
__Hivt0x8                      ivt0x8       0000AE
__Hmediumconst                 mediumconst  000000
__HnvFARRAM                    nvFARRAM     000000
__Hnvbit                       nvbit        000000
__Hnvrram                      nvrram       000000
__Hparam                       rparam       000000
__Hpowerup                     powerup      000000
__Hram                         ram          000000
__Hramtop                      ramtop       002000
__Hrbit                        rbit         000000
__Hrbss                        rbss         000000
__Hrdata                       rdata        000000
__Hreset_vec                   reset_vec    000004
__Hrparam                      rparam       000000
__Hsfr                         sfr          000000
__Hsmallconst                  smallconst   002072
__Hspace_0                     (abs)        003032
__Hspace_1                     (abs)        0000C7
__Hspace_2                     (abs)        000000
__Hspace_4                     (abs)        60000A
__Hstack                       stack        000000
__Hstruct                      struct       000000
__Htemp                        temp         000000
__Htext                        text         000000
__Htext0                       text0        000000
__Htext1                       text1        000000
__Htext10                      text10       000000
__Htext11                      text11       000000
__Htext12                      text12       000000
__Htext13                      text13       000000
__Htext14                      text14       000000
__Htext15                      text15       000000
__Htext16                      text16       000000
__Htext17                      text17       000000
__Htext18                      text18       000000
__Htext19                      text19       000000
__Htext2                       text2        000000
__Htext20                      text20       000000
__Htext21                      text21       000000
__Htext22                      text22       000000
__Htext23                      text23       000000
__Htext24                      text24       000000
__Htext25                      text25       000000
__Htext26                      text26       000000
__Htext27                      text27       000000
__Htext28                      text28       000000
__Htext29                      text29       000000
__Htext3                       text3        000000
__Htext30                      text30       000000
__Htext31                      text31       000000
__Htext32                      text32       000000
__Htext33                      text33       000000
__Htext4                       text4        000000
__Htext5                       text5        000000
__Htext6                       text6        000000
__Htext7                       text7        000000
__Htext8                       text8        000000
__Htext9                       text9        000000
__LRAM                         (abs)        000001
__L__absolute__                __absolute__ 000000
__Labs1                        abs1         000000
__Lbank0                       bank0        000000
__Lbank1                       bank1        000000
__Lbank10                      bank10       000000
__Lbank11                      bank11       000000
__Lbank12                      bank12       000000
__Lbank13                      bank13       000000
__Lbank14                      bank14       000000
__Lbank15                      bank15       000000
__Lbank16                      bank16       000000
__Lbank17                      bank17       000000
__Lbank18                      bank18       000000
__Lbank19                      bank19       000000
__Lbank2                       bank2        000000
__Lbank20                      bank20       000000
__Lbank21                      bank21       000000
__Lbank22                      bank22       000000
__Lbank23                      bank23       000000
__Lbank24                      bank24       000000
__Lbank25                      bank25       000000
__Lbank26                      bank26       000000
__Lbank27                      bank27       000000
__Lbank28                      bank28       000000
__Lbank29                      bank29       000000
__Lbank3                       bank3        000000
__Lbank30                      bank30       000000
__Lbank31                      bank31       000000
__Lbank4                       bank4        000000
__Lbank5                       bank5        000000
__Lbank6                       bank6        000000
__Lbank7                       bank7        000000
__Lbank8                       bank8        000000
__Lbank9                       bank9        000000
__Lbigbss                      bigbss       000000
__Lbigdata                     bigdata      000000
__Lbigram                      bigram       000000
__Lbigsfr                      bigsfr       000000
__Lbss                         bss          000000
__LbssBANK0                    bssBANK0     000000
__LbssCOMRAM                   bssCOMRAM    000000
__Lcinit                       cinit        000000
__Lclrtext                     clrtext      000000
__Lcomram                      comram       000000
__Lconfig                      config       000000
__Lconst                       const        000000
__LcstackBANK0                 cstackBANK0  000000
__LcstackCOMRAM                cstackCOMRAM 000000
__Ldata                        data         000000
__Leeprom_data                 eeprom_data  000000
__Lfarbss                      farbss       000000
__Lfardata                     fardata      000000
__Lheap                        heap         000000
__Libigdata                    ibigdata     000000
__Lidata                       idata        000000
__Lidloc                       idloc        000000
__Lifardata                    ifardata     000000
__Linit                        init         0000AE
__Lintsave_regs                intsave_regs 000000
__Lirdata                      irdata       000000
__Livt0x8                      ivt0x8       000008
__Lmediumconst                 mediumconst  000000
__LnvFARRAM                    nvFARRAM     000000
__Lnvbit                       nvbit        000000
__Lnvrram                      nvrram       000000
__Lparam                       rparam       000000
__Lpowerup                     powerup      000000
__Lram                         ram          000000
__Lramtop                      ramtop       002000
__Lrbit                        rbit         000000
__Lrbss                        rbss         000000
__Lrdata                       rdata        000000
__Lreset_vec                   reset_vec    000000
__Lrparam                      rparam       000000
__Lsfr                         sfr          000000
__Lsmallconst                  smallconst   002000
__Lspace_0                     (abs)        000000
__Lspace_1                     (abs)        000000
__Lspace_2                     (abs)        000000
__Lspace_4                     (abs)        000000
__Lstack                       stack        000000
__Lstruct                      struct       000000
__Ltemp                        temp         000000
__Ltext                        text         000000
__Ltext0                       text0        000000
__Ltext1                       text1        000000
__Ltext10                      text10       000000
__Ltext11                      text11       000000
__Ltext12                      text12       000000
__Ltext13                      text13       000000
__Ltext14                      text14       000000
__Ltext15                      text15       000000
__Ltext16                      text16       000000
__Ltext17                      text17       000000
__Ltext18                      text18       000000
__Ltext19                      text19       000000
__Ltext2                       text2        000000
__Ltext20                      text20       000000
__Ltext21                      text21       000000
__Ltext22                      text22       000000
__Ltext23                      text23       000000
__Ltext24                      text24       000000
__Ltext25                      text25       000000
__Ltext26                      text26       000000
__Ltext27                      text27       000000
__Ltext28                      text28       000000
__Ltext29                      text29       000000
__Ltext3                       text3        000000
__Ltext30                      text30       000000
__Ltext31                      text31       000000
__Ltext32                      text32       000000
__Ltext33                      text33       000000
__Ltext4                       text4        000000
__Ltext5                       text5        000000
__Ltext6                       text6        000000
__Ltext7                       text7        000000
__Ltext8                       text8        000000
__Ltext9                       text9        000000
__S0                           (abs)        003032
__S1                           (abs)        0000C7
__S4                           (abs)        000000
__S5                           (abs)        000000
___aldiv                       text13       00273E
___aldiv@counter               cstackCOMRAM 00001C
___aldiv@dividend              cstackCOMRAM 000014
___aldiv@divisor               cstackCOMRAM 000018
___aldiv@quotient              cstackCOMRAM 00001E
___aldiv@sign                  cstackCOMRAM 00001D
___almod                       text12       002848
___almod@counter               cstackCOMRAM 000010
___almod@dividend              cstackCOMRAM 000008
___almod@divisor               cstackCOMRAM 00000C
___almod@sign                  cstackCOMRAM 000011
___heap_hi                     (abs)        000000
___heap_lo                     (abs)        000000
___inthi_sp                    stack        000000
___inthi_stack_hi              stack        000000
___inthi_stack_lo              stack        000000
___intlo_sp                    stack        000000
___intlo_stack_hi              stack        000000
___intlo_stack_lo              stack        000000
___lmul                        text14       002B96
___lmul@multiplicand           cstackCOMRAM 00000C
___lmul@multiplier             cstackCOMRAM 000008
___lmul@product                cstackCOMRAM 000010
___param_bank                  (abs)        000000
___rparam_used                 (abs)        000001
___sp                          stack        000000
___stack_hi                    stack        000000
___stack_lo                    stack        000000
__accesstop                    (abs)        000060
__activetblptr                 (abs)        000003
__end_of_Button_Interrupt_Init text30       002FAC
__end_of_I2C_Delay             text22       003030
__end_of_I2C_Init              text29       003028
__end_of_I2C_Read              text16       002C64
__end_of_I2C_Start             text21       002FDC
__end_of_I2C_Stop              text20       003018
__end_of_I2C_Write             text19       002CB2
__end_of_INT0_ISR              text31       002B96
__end_of_LCD_Char              text25       002FC6
__end_of_LCD_Clear             text27       002FF2
__end_of_LCD_Command           text28       002D00
__end_of_LCD_Init              text26       002D98
__end_of_LCD_String            text24       002F4A
__end_of_LCD_String_xy         text23       002EC2
__end_of_MPU6050_Init          text17       002F20
__end_of_MPU6050_Read16        text15       002DE0
__end_of_MPU6050_Write         text18       002F90
__end_of___aldiv               text13       002848
__end_of___almod               text12       002932
__end_of___lmul                text14       002C00
__end_of__initialization       cinit        002F6C
__end_of_abs                   text11       002E90
__end_of_dtoa                  text6        0025F0
__end_of_format_accel          text1        00273E
__end_of_fputc                 text9        002A94
__end_of_fputs                 text8        002E5C
__end_of_main                  text0        002464
__end_of_pad                   text7        002B18
__end_of_putch                 text10       003032
__end_of_read_prec_or_width    text5        0029E8
__end_of_sprintf               text2        002EF2
__end_of_vfpfcnvrt             text4        002292
__end_of_vfprintf              text3        002E22
__end_ofi2_LCD_Clear           text32       003008
__end_ofi2_LCD_Command         text33       002D4E
__initialization               cinit        002F4A
__mediumconst                  smallconst   002000
__pbssBANK0                    bssBANK0     0000A7
__pbssCOMRAM                   bssCOMRAM    000053
__pcinit                       cinit        002F4A
__pcstackBANK0                 cstackBANK0  000060
__pcstackCOMRAM                cstackCOMRAM 000001
__pivt0x8                      ivt0x8       000008
__psmallconst                  smallconst   002000
__ptext0                       text0        002292
__ptext1                       text1        0025F0
__ptext10                      text10       003030
__ptext11                      text11       002E5C
__ptext12                      text12       002848
__ptext13                      text13       00273E
__ptext14                      text14       002B96
__ptext15                      text15       002D98
__ptext16                      text16       002C00
__ptext17                      text17       002EF2
__ptext18                      text18       002F72
__ptext19                      text19       002C64
__ptext2                       text2        002EC2
__ptext20                      text20       003008
__ptext21                      text21       002FC6
__ptext22                      text22       003028
__ptext23                      text23       002E90
__ptext24                      text24       002F20
__ptext25                      text25       002FAC
__ptext26                      text26       002D4E
__ptext27                      text27       002FDC
__ptext28                      text28       002CB2
__ptext29                      text29       003018
__ptext3                       text3        002DE0
__ptext30                      text30       002F90
__ptext31                      text31       002B18
__ptext32                      text32       002FF2
__ptext33                      text33       002D00
__ptext4                       text4        002072
__ptext5                       text5        002932
__ptext6                       text6        002464
__ptext7                       text7        002A94
__ptext8                       text8        002E22
__ptext9                       text9        0029E8
__ramtop                       ramtop       002000
__smallconst                   smallconst   002000
_abs                           text11       002E5C
_dbuf                          bssBANK0     0000A7
_dtoa                          text6        002464
_dtoa$1188                     cstackCOMRAM 000027
_flags                         bssCOMRAM    000057
_format_accel                  text1        0025F0
_fputc                         text9        0029E8
_fputs                         text8        002E22
_main                          text0        002292
_pad                           text7        002A94
_prec                          bssCOMRAM    000055
_putch                         text10       003030
_read_prec_or_width            text5        002932
_sprintf                       text2        002EC2
_vfpfcnvrt                     text4        002072
_vfprintf                      text3        002DE0
_width                         bssCOMRAM    000053
abs@a                          cstackCOMRAM 000012
dtoa@d                         cstackCOMRAM 000023
dtoa@fp                        cstackCOMRAM 000022
dtoa@i                         cstackCOMRAM 00002D
dtoa@p                         cstackCOMRAM 000029
dtoa@s                         cstackCOMRAM 00002C
dtoa@w                         cstackCOMRAM 00002A
end_of_initialization          cinit        002F6C
format_accel@buffer            cstackBANK0  000060
format_accel@decimal           cstackBANK0  000069
format_accel@value             cstackBANK0  000061
format_accel@whole             cstackBANK0  000065
fputc@c                        cstackCOMRAM 000008
fputc@fp                       cstackCOMRAM 00000A
fputs@c                        cstackCOMRAM 000012
fputs@fp                       cstackCOMRAM 000011
fputs@i                        cstackCOMRAM 000013
fputs@s                        cstackCOMRAM 000010
i2LCD_Command@cmd              cstackCOMRAM 000002
i2_LCD_Clear                   text32       002FF2
i2_LCD_Command                 text33       002D00
intlevel0                      text         000000
intlevel1                      text         000000
intlevel2                      text         000000
intlevel3                      text         000000
isa$std                        (abs)        000001
isa$xinst                      (abs)        000000
ivt0x8_base                    ivt0x8       000008
ivt0x8_undefint                ivt0x8       0000AC
main@accelX                    cstackBANK0  0000A3
main@delta                     cstackBANK0  00009F
main@lastAccelX                cstackBANK0  00009B
main@line1                     cstackBANK0  000084
main@line2                     cstackBANK0  00006F
main@rawX                      cstackBANK0  000099
pad@buf                        cstackCOMRAM 000016
pad@fp                         cstackCOMRAM 000015
pad@i                          cstackCOMRAM 00001A
pad@p                          cstackCOMRAM 000017
read_prec_or_width@ap          cstackCOMRAM 000009
read_prec_or_width@c           cstackCOMRAM 00000C
read_prec_or_width@fmt         cstackCOMRAM 000008
read_prec_or_width@n           cstackCOMRAM 00000D
sprintf@ap                     cstackCOMRAM 000047
sprintf@f                      cstackCOMRAM 000048
sprintf@fmt                    cstackCOMRAM 00003E
sprintf@s                      cstackCOMRAM 00003D
stackhi                        (abs)        000000
stacklo                        (abs)        000000
start                          init         0000AE
start_initialization           cinit        002F4A
vfpfcnvrt@ap                   cstackCOMRAM 000031
vfpfcnvrt@c                    cstackCOMRAM 000037
vfpfcnvrt@convarg              cstackCOMRAM 000032
vfpfcnvrt@cp                   cstackCOMRAM 000038
vfpfcnvrt@done                 cstackCOMRAM 000036
vfpfcnvrt@fmt                  cstackCOMRAM 000030
vfpfcnvrt@fp                   cstackCOMRAM 00002F
vfprintf@ap                    cstackCOMRAM 00003B
vfprintf@cfmt                  cstackCOMRAM 00003C
vfprintf@fmt                   cstackCOMRAM 00003A
vfprintf@fp                    cstackCOMRAM 000039


MODULE INFORMATION

Module		Function		Class		Link	Load	Size
DIY_ADC.c
		_LCD_String    		CODE           	2F20	0000	42
		_LCD_Init      		CODE           	2D4E	0000	74
		_Button_Interrupt_Init		CODE           	2F90	0000	28
		_LCD_Command   		CODE           	2CB2	0000	78
		_LCD_String_xy 		CODE           	2E90	0000	50
		_main          		CODE           	2292	0000	466
		_I2C_Write     		CODE           	2C64	0000	78
		_LCD_Char      		CODE           	2FAC	0000	26
		_MPU6050_Init  		CODE           	2EF2	0000	46
		_I2C_Stop      		CODE           	3008	0000	16
		_I2C_Read      		CODE           	2C00	0000	100
		_MPU6050_Write 		CODE           	2F72	0000	30
		_LCD_Clear     		CODE           	2FDC	0000	22
		_MPU6050_Read16		CODE           	2D98	0000	72
		_I2C_Init      		CODE           	3018	0000	16
		_I2C_Delay     		CODE           	3028	0000	8
		_INT0_ISR      		CODE           	2B18	0000	126
		_format_accel  		CODE           	25F0	0000	334
		_I2C_Start     		CODE           	2FC6	0000	22

DIY_ADC.c estimated size: 1634

C:\Program Files\Microchip\xc8\v3.10\pic\sources\c99\common\putch.c
		_putch         		CODE           	3030	0000	2

C:\Program Files\Microchip\xc8\v3.10\pic\sources\c99\common\putch.c estimated size: 2

C:\Program Files\Microchip\xc8\v3.10\pic\sources\c99\common\almod.c
		___almod       		CODE           	2848	0000	234

C:\Program Files\Microchip\xc8\v3.10\pic\sources\c99\common\almod.c estimated size: 234

C:\Program Files\Microchip\xc8\v3.10\pic\sources\c99\common\abs.c
		_abs           		CODE           	2E5C	0000	52

C:\Program Files\Microchip\xc8\v3.10\pic\sources\c99\common\abs.c estimated size: 52

C:\Program Files\Microchip\xc8\v3.10\pic\sources\c99\common\Umul32.c
		___lmul        		CODE           	2B96	0000	106

C:\Program Files\Microchip\xc8\v3.10\pic\sources\c99\common\Umul32.c estimated size: 106

C:\Program Files\Microchip\xc8\v3.10\pic\sources\c99\common\nf_fputs.c
		_fputs         		CODE           	2E22	0000	58

C:\Program Files\Microchip\xc8\v3.10\pic\sources\c99\common\nf_fputs.c estimated size: 58

C:\Program Files\Microchip\xc8\v3.10\pic\sources\c99\common\aldiv.c
		___aldiv       		CODE           	273E	0000	266

C:\Program Files\Microchip\xc8\v3.10\pic\sources\c99\common\aldiv.c estimated size: 266

C:\Program Files\Microchip\xc8\v3.10\pic\sources\c99\common\nf_sprintf.c
		_sprintf       		CODE           	2EC2	0000	48

C:\Program Files\Microchip\xc8\v3.10\pic\sources\c99\common\nf_sprintf.c estimated size: 48

shared
		i2_LCD_Clear   		CODE           	2FF2	0000	22
		i2_LCD_Command 		CODE           	2D00	0000	78
		__initialization		CODE           	2F4A	0000	34

shared estimated size: 134

C:\Program Files\Microchip\xc8\v3.10\pic\sources\c99\common\nf_fputc.c
		_fputc         		CODE           	29E8	0000	172

C:\Program Files\Microchip\xc8\v3.10\pic\sources\c99\common\nf_fputc.c estimated size: 172

C:\Program Files\Microchip\xc8\v3.10\pic\sources\c99\common\doprnt.c
		_read_prec_or_width		CODE           	2932	0000	182
		_vfpfcnvrt     		CODE           	2072	0000	544
		_pad           		CODE           	2A94	0000	132
		_dtoa          		CODE           	2464	0000	396
		_vfprintf      		CODE           	2DE0	0000	66

C:\Program Files\Microchip\xc8\v3.10\pic\sources\c99\common\doprnt.c estimated size: 1320

