Microchip MPLAB XC8 Compiler V3.10

Linker command line:

-W-3 \
  --edf=C:\Program Files\Microchip\xc8\v3.10\pic\dat\20250813170317_en.msgs \
  -cn -h+dist/default/production\PWMlab.X.production.sym \
  --cmf=dist/default/production\PWMlab.X.production.cmf -z -Q18F47K42 \
  -oC:\Users\gutie\AppData\Local\Temp\xcAspk0.0\driver_tmp_3.o \
  --defsym=__MPLAB_BUILD=1 --fixupoverflow=error \
  -Mdist/default/production/PWMlab.X.production.map \
  --md=C:\Users\gutie\AppData\Local\Temp\xcAspk0.0\driver_tmp_0.dat -E1 \
  -ver=XC8 Compiler -ACODE=00h-01FFFFh -ACONST=00h-01FFFFh \
  -ASMALLCONST=02000h-020FFhx224,012000h-0120FFhx224 \
  -AMEDIUMCONST=02000h-0FFFFh,012000h-01FFFFh -ACOMRAM=01h-05Fh \
  -AABS1=00h-01FFFh -ABIGRAM=01h-01FFFh -ARAM=060h-0FFh,0100h-01FFhx31 \
  -ABANK0=060h-0FFh -ABANK1=0100h-01FFh -ABANK2=0200h-02FFh \
  -ABANK3=0300h-03FFh -ABANK4=0400h-04FFh -ABANK5=0500h-05FFh \
  -ABANK6=0600h-06FFh -ABANK7=0700h-07FFh -ABANK8=0800h-08FFh \
  -ABANK9=0900h-09FFh -ABANK10=0A00h-0AFFh -ABANK11=0B00h-0BFFh \
  -ABANK12=0C00h-0CFFh -ABANK13=0D00h-0DFFh -ABANK14=0E00h-0EFFh \
  -ABANK15=0F00h-0FFFh -ABANK16=01000h-010FFh -ABANK17=01100h-011FFh \
  -ABANK18=01200h-012FFh -ABANK19=01300h-013FFh -ABANK20=01400h-014FFh \
  -ABANK21=01500h-015FFh -ABANK22=01600h-016FFh -ABANK23=01700h-017FFh \
  -ABANK24=01800h-018FFh -ABANK25=01900h-019FFh -ABANK26=01A00h-01AFFh \
  -ABANK27=01B00h-01BFFh -ABANK28=01C00h-01CFFh -ABANK29=01D00h-01DFFh \
  -ABANK30=01E00h-01EFFh -ABANK31=01F00h-01FFFh \
  -ASFR=03800h-038FFhx7,03F00h-03F5Fh,03F60h-03FFFh -ABIGSFR=03800h-03FFFh \
  -ACONFIG=0300000h-0300009h -AIDLOC=0200000h-020000Fh \
  -AEEDATA=0310000h-03103FFh -peeprom_data=EEDATA -preset_vec=00h \
  -ppowerup=CODE,init -pramtop=02000h -psmallconst=SMALLCONST \
  -pmediumconst=MEDIUMCONST -pconst=CONST -AFARRAM=00h-00h \
  -prdata=COMRAM,nvrram=COMRAM,nvbit=COMRAM,rbss=COMRAM,rbit=COMRAM \
  -pfarbss=FARRAM,fardata=FARRAM,nvFARRAM=FARRAM \
  -pintsave_regs=BIGRAM,bigbss=BIGRAM,bigdata=BIGRAM -pbss=RAM \
  -pidata=CODE,irdata=CODE,ibigdata=CODE,ifardata=CODE -prparam=COMRAM \
  C:\Users\gutie\AppData\Local\Temp\xcAspk0.0\driver_tmp_14.o \
  dist/default/production\PWMlab.X.production.o 

Object code version is 3.11

Machine type is 18F47K42



                Name                               Link     Load   Length Selector   Space Scale
C:\Users\gutie\AppData\Local\Temp\xcAspk0.0\driver_tmp_14.o
                config                           300000   300000        A        0       4
                init                              1FFFC    1FFFC        4     FFFE       0
                reset_vec                             0        0        4        0       0
dist/default/production\PWMlab.X.production.o
                config                           300000   300000        A        0       4
                smallconst                         2000     2000       52     1000       0
                text33                             2D6A     2D6A        C     1029       0
                text32                             277C     277C       A4     1029       0
                text31                             29B8     29B8       6A     1029       0
                text30                             23F6     23F6       BE     1029       0
                text29                             231C     231C       DA     1029       0
                text28                             2A22     2A22       68     1029       0
                text27                             2CE8     2CE8       1A     1029       0
                text26                             2D5E     2D5E        C     1029       0
                text25                             2946     2946       72     1029       0
                text24                             24B4     24B4       B8     1029       0
                text23                             2D4E     2D4E       10     1029       0
                text22                             2B86     2B86       40     1029       0
                text21                             2AEE     2AEE       56     1029       0
                text20                             2D3E     2D3E       10     1029       0
                text19                             2820     2820       A2     1029       0
                text18                             2C30     2C30       28     1029       0
                text17                             2C58     2C58       20     1029       0
                text16                             2CB2     2CB2       1C     1029       0
                text15                             2D1A     2D1A       14     1029       0
                text14                             2C96     2C96       1C     1029       0
                text13                             2CCE     2CCE       1A     1029       0
                text12                             2D2E     2D2E       10     1029       0
                text11                             2D02     2D02       18     1029       0
                text10                             256C     256C       B6     1029       0
                text9                              2A8A     2A8A       64     1029       0
                text8                              2D76     2D76        2     1029       0
                text7                              26D0     26D0       AC     1029       0
                text6                              2BC6     2BC6       3A     1029       0
                text5                              28C2     28C2       84     1029       0
                text4                              2622     2622       AE     1029       0
                text3                              21F4     21F4      128     1029       0
                text2                              2B44     2B44       42     1029       0
                text1                              2C00     2C00       30     1029       0
                text0                              2052     2052      1A2     1029       0
                cstackCOMRAM                          1        1       4E        1       1
                bssBANK0                             60       60       20       60       1
                bssCOMRAM                            4F       4F        8        1       1
                cinit                              2C78     2C78       1E     1029       0

TOTAL           Name                               Link     Load   Length     Space
        CLASS   CODE           
                init                              1FFFC    1FFFC        4         0
                reset_vec                             0        0        4         0
                text33                             2D6A     2D6A        C         0
                text32                             277C     277C       A4         0
                text31                             29B8     29B8       6A         0
                text30                             23F6     23F6       BE         0
                text29                             231C     231C       DA         0
                text28                             2A22     2A22       68         0
                text27                             2CE8     2CE8       1A         0
                text26                             2D5E     2D5E        C         0
                text25                             2946     2946       72         0
                text24                             24B4     24B4       B8         0
                text23                             2D4E     2D4E       10         0
                text22                             2B86     2B86       40         0
                text21                             2AEE     2AEE       56         0
                text20                             2D3E     2D3E       10         0
                text19                             2820     2820       A2         0
                text18                             2C30     2C30       28         0
                text17                             2C58     2C58       20         0
                text16                             2CB2     2CB2       1C         0
                text15                             2D1A     2D1A       14         0
                text14                             2C96     2C96       1C         0
                text13                             2CCE     2CCE       1A         0
                text12                             2D2E     2D2E       10         0
                text11                             2D02     2D02       18         0
                text10                             256C     256C       B6         0
                text9                              2A8A     2A8A       64         0
                text8                              2D76     2D76        2         0
                text7                              26D0     26D0       AC         0
                text6                              2BC6     2BC6       3A         0
                text5                              28C2     28C2       84         0
                text4                              2622     2622       AE         0
                text3                              21F4     21F4      128         0
                text2                              2B44     2B44       42         0
                text1                              2C00     2C00       30         0
                text0                              2052     2052      1A2         0
                cinit                              2C78     2C78       1E         0

        CLASS   CONST          

        CLASS   SMALLCONST     
                smallconst                         2000     2000       52         0

        CLASS   MEDIUMCONST    

        CLASS   COMRAM         
                cstackCOMRAM                          1        1       4E         1
                bssCOMRAM                            4F       4F        8         1

        CLASS   ABS1           

        CLASS   BIGRAM         

        CLASS   RAM            

        CLASS   BANK0          
                bssBANK0                             60       60       20         1

        CLASS   BANK1          

        CLASS   BANK2          

        CLASS   BANK3          

        CLASS   BANK4          

        CLASS   BANK5          

        CLASS   BANK6          

        CLASS   BANK7          

        CLASS   BANK8          

        CLASS   BANK9          

        CLASS   BANK10         

        CLASS   BANK11         

        CLASS   BANK12         

        CLASS   BANK13         

        CLASS   BANK14         

        CLASS   BANK15         

        CLASS   BANK16         

        CLASS   BANK17         

        CLASS   BANK18         

        CLASS   BANK19         

        CLASS   BANK20         

        CLASS   BANK21         

        CLASS   BANK22         

        CLASS   BANK23         

        CLASS   BANK24         

        CLASS   BANK25         

        CLASS   BANK26         

        CLASS   BANK27         

        CLASS   BANK28         

        CLASS   BANK29         

        CLASS   BANK30         

        CLASS   BANK31         

        CLASS   SFR            

        CLASS   BIGSFR         

        CLASS   CONFIG         
                config                           300000   300000        A         4

        CLASS   IDLOC          

        CLASS   EEDATA         

        CLASS   FARRAM         

        CLASS   HEAP           

        CLASS   STACK          



SEGMENTS        Name                           Load    Length   Top    Selector   Space  Class

                reset_vec                      000000  000004  000004         0       0  CODE    
                cstackCOMRAM                   000001  000056  000057         1       1  COMRAM  
                bssBANK0                       000060  000020  000080        60       1  BANK0   
                smallconst                     002000  000052  002052      1000       0  SMALLCON
                text0                          002052  000D26  002D78      1029       0  CODE    
                init                           01FFFC  000004  020000      FFFE       0  CODE    


UNUSED ADDRESS RANGES

        Name                Unused          Largest block    Delta
        BANK0            000080-0000FF               80
        BANK1            000100-0001FF              100
        BANK10           000A00-000AFF              100
        BANK11           000B00-000BFF              100
        BANK12           000C00-000CFF              100
        BANK13           000D00-000DFF              100
        BANK14           000E00-000EFF              100
        BANK15           000F00-000FFF              100
        BANK16           001000-0010FF              100
        BANK17           001100-0011FF              100
        BANK18           001200-0012FF              100
        BANK19           001300-0013FF              100
        BANK2            000200-0002FF              100
        BANK20           001400-0014FF              100
        BANK21           001500-0015FF              100
        BANK22           001600-0016FF              100
        BANK23           001700-0017FF              100
        BANK24           001800-0018FF              100
        BANK25           001900-0019FF              100
        BANK26           001A00-001AFF              100
        BANK27           001B00-001BFF              100
        BANK28           001C00-001CFF              100
        BANK29           001D00-001DFF              100
        BANK3            000300-0003FF              100
        BANK30           001E00-001EFF              100
        BANK31           001F00-001FFF              100
        BANK4            000400-0004FF              100
        BANK5            000500-0005FF              100
        BANK6            000600-0006FF              100
        BANK7            000700-0007FF              100
        BANK8            000800-0008FF              100
        BANK9            000900-0009FF              100
        BIGRAM           000057-00005F                9
                         000080-001FFF             1F80
        BIGSFR           003800-003FFF              800
        CODE             000004-001FFF             1FFC
                         002D78-01FFFB            1D284
        COMRAM           000057-00005F                9
        CONST            000004-001FFF             1FFC
                         002D78-01FFFB            1D284
        EEDATA           310000-3103FF              400
        IDLOC            200000-20000F               10
        MEDIUMCONST      002D78-00FFFF             D288
                         012000-01FFFB             DFFC
        RAM              000080-001FFF              100
        SFR              003800-003FFF              100
        SMALLCONST       002D78-00FFFF              100
                         012000-01FFFB              100

                                  Symbol Table

?_Buzzer_GetIntervalMs         cstackCOMRAM 00001A
?_HCSR04_ReadDistanceCM        cstackCOMRAM 000008
?_TMR1_Read                    cstackCOMRAM 000001
?___lldiv                      cstackCOMRAM 00000D
?___lmul                       cstackCOMRAM 000001
?___lwdiv                      cstackCOMRAM 000001
?___lwmod                      cstackCOMRAM 000001
?_read_prec_or_width           cstackCOMRAM 000001
?_sprintf                      cstackCOMRAM 000029
?_vfprintf                     cstackCOMRAM 000025
Buzzer_GetIntervalMs@distance  cstackCOMRAM 00001A
Buzzer_GetIntervalMs@interval  cstackCOMRAM 00001E
Buzzer_Update@buzzerOn         bssCOMRAM    000056
Buzzer_Update@distance         cstackCOMRAM 000020
Buzzer_Update@elapsed_ms       bssCOMRAM    000053
Buzzer_Update@interval         cstackCOMRAM 000026
Buzzer_Update@offTime          cstackCOMRAM 000024
Buzzer_Update@tick_ms          cstackCOMRAM 000022
DelayMs_WithBuzzer@distance    cstackCOMRAM 000028
DelayMs_WithBuzzer@total_ms    cstackCOMRAM 00002A
HCSR04_ReadDistanceCM@echo_us  cstackCOMRAM 00000A
HCSR04_ReadDistanceCM@timeout  cstackCOMRAM 00000C
LCD_Char@c                     cstackCOMRAM 000001
LCD_Command@command            cstackCOMRAM 000002
LCD_Print16@i                  cstackCOMRAM 000004
LCD_Print16@text               cstackCOMRAM 000002
LCD_SetCursor@col              cstackCOMRAM 000003
LCD_SetCursor@row              cstackCOMRAM 000004
PWM2_LoadDutyValue@dutyValue   cstackCOMRAM 000001
TMR1_Read@high                 cstackCOMRAM 000006
TMR1_Read@low                  cstackCOMRAM 000005
TMR1_Write@value               cstackCOMRAM 000001
_ANSELB                        (abs)        003A50
_ANSELCbits                    (abs)        003A60
_ANSELD                        (abs)        003A70
_Buzzer_GetIntervalMs          text30       0023F6
_Buzzer_Update                 text29       00231C
_CCP2CON                       (abs)        003F7A
_CCPR2H                        (abs)        003F79
_CCPR2L                        (abs)        003F78
_CCPTMRS0                      (abs)        003F5E
_CLK_Initialize                text33       002D6A
_DelayMs_WithBuzzer            text28       002A22
_HCSR04_ReadDistanceCM         text24       0024B4
_LATB                          (abs)        003FBB
_LATD                          (abs)        003FBD
_LATDbits                      (abs)        003FBD
_LCD_Char                      text20       002D3E
_LCD_Command                   text22       002B86
_LCD_Initialize                text21       002AEE
_LCD_Print16                   text19       002820
_LCD_PulseEnable               text23       002D4E
_LCD_SetCursor                 text18       002C30
_OSCCON1                       (abs)        0039D9
_OSCFRQ                        (abs)        0039DF
_PIR4bits                      (abs)        0039A4
_PORTDbits                     (abs)        003FCD
_PORT_Initialize               text17       002C58
_PPSLOCK                       (abs)        003ABF
_PPSLOCKbits                   (abs)        003ABF
_PPS_Initialize                text16       002CB2
_PWM2_Initialize               text14       002C96
_PWM2_LoadDutyValue            text15       002D1A
_PWM2_Start                    text13       002CCE
_RC5PPS                        (abs)        003A15
_T1CLK                         (abs)        003FB5
_T1CON                         (abs)        003FB2
_T1GCON                        (abs)        003FB3
_T2CLKCON                      (abs)        003FAE
_T2CON                         (abs)        003FAC
_T2HLT                         (abs)        003FAD
_T2PR                          (abs)        003FAB
_T2RST                         (abs)        003FAF
_T2TMR                         (abs)        003FAA
_TMR1H                         (abs)        003FB1
_TMR1L                         (abs)        003FB0
_TMR1_Initialize               text12       002D2E
_TMR1_Read                     text27       002CE8
_TMR1_Write                    text26       002D5E
_TMR2_PWM_Initialize           text11       002D02
_TRISB                         (abs)        003FC3
_TRISCbits                     (abs)        003FC4
_TRISDbits                     (abs)        003FC5
__HRAM                         (abs)        000000
__H__absolute__                __absolute__ 000000
__Habs1                        abs1         000000
__Hbank0                       bank0        000000
__Hbank1                       bank1        000000
__Hbank10                      bank10       000000
__Hbank11                      bank11       000000
__Hbank12                      bank12       000000
__Hbank13                      bank13       000000
__Hbank14                      bank14       000000
__Hbank15                      bank15       000000
__Hbank16                      bank16       000000
__Hbank17                      bank17       000000
__Hbank18                      bank18       000000
__Hbank19                      bank19       000000
__Hbank2                       bank2        000000
__Hbank20                      bank20       000000
__Hbank21                      bank21       000000
__Hbank22                      bank22       000000
__Hbank23                      bank23       000000
__Hbank24                      bank24       000000
__Hbank25                      bank25       000000
__Hbank26                      bank26       000000
__Hbank27                      bank27       000000
__Hbank28                      bank28       000000
__Hbank29                      bank29       000000
__Hbank3                       bank3        000000
__Hbank30                      bank30       000000
__Hbank31                      bank31       000000
__Hbank4                       bank4        000000
__Hbank5                       bank5        000000
__Hbank6                       bank6        000000
__Hbank7                       bank7        000000
__Hbank8                       bank8        000000
__Hbank9                       bank9        000000
__Hbigbss                      bigbss       000000
__Hbigdata                     bigdata      000000
__Hbigram                      bigram       000000
__Hbigsfr                      bigsfr       000000
__Hbss                         bss          000000
__HbssBANK0                    bssBANK0     000000
__HbssCOMRAM                   bssCOMRAM    000000
__Hcinit                       cinit        000000
__Hclrtext                     clrtext      000000
__Hcomram                      comram       000000
__Hconfig                      config       30000A
__Hconst                       const        000000
__HcstackCOMRAM                cstackCOMRAM 000000
__Hdata                        data         000000
__Heeprom_data                 eeprom_data  000000
__Hfarbss                      farbss       000000
__Hfardata                     fardata      000000
__Hheap                        heap         000000
__Hibigdata                    ibigdata     000000
__Hidata                       idata        000000
__Hidloc                       idloc        000000
__Hifardata                    ifardata     000000
__Hinit                        init         020000
__Hintsave_regs                intsave_regs 000000
__Hirdata                      irdata       000000
__Hmediumconst                 mediumconst  000000
__HnvFARRAM                    nvFARRAM     000000
__Hnvbit                       nvbit        000000
__Hnvrram                      nvrram       000000
__Hparam                       rparam       000000
__Hpowerup                     powerup      000000
__Hram                         ram          000000
__Hramtop                      ramtop       002000
__Hrbit                        rbit         000000
__Hrbss                        rbss         000000
__Hrdata                       rdata        000000
__Hreset_vec                   reset_vec    000004
__Hrparam                      rparam       000000
__Hsfr                         sfr          000000
__Hsmallconst                  smallconst   002052
__Hspace_0                     (abs)        020000
__Hspace_1                     (abs)        000080
__Hspace_2                     (abs)        000000
__Hspace_4                     (abs)        60000A
__Hstack                       stack        000000
__Hstruct                      struct       000000
__Htemp                        temp         000000
__Htext                        text         000000
__Htext0                       text0        000000
__Htext1                       text1        000000
__Htext10                      text10       000000
__Htext11                      text11       000000
__Htext12                      text12       000000
__Htext13                      text13       000000
__Htext14                      text14       000000
__Htext15                      text15       000000
__Htext16                      text16       000000
__Htext17                      text17       000000
__Htext18                      text18       000000
__Htext19                      text19       000000
__Htext2                       text2        000000
__Htext20                      text20       000000
__Htext21                      text21       000000
__Htext22                      text22       000000
__Htext23                      text23       000000
__Htext24                      text24       000000
__Htext25                      text25       000000
__Htext26                      text26       000000
__Htext27                      text27       000000
__Htext28                      text28       000000
__Htext29                      text29       000000
__Htext3                       text3        000000
__Htext30                      text30       000000
__Htext31                      text31       000000
__Htext32                      text32       000000
__Htext33                      text33       000000
__Htext4                       text4        000000
__Htext5                       text5        000000
__Htext6                       text6        000000
__Htext7                       text7        000000
__Htext8                       text8        000000
__Htext9                       text9        000000
__LRAM                         (abs)        000001
__L__absolute__                __absolute__ 000000
__Labs1                        abs1         000000
__Lbank0                       bank0        000000
__Lbank1                       bank1        000000
__Lbank10                      bank10       000000
__Lbank11                      bank11       000000
__Lbank12                      bank12       000000
__Lbank13                      bank13       000000
__Lbank14                      bank14       000000
__Lbank15                      bank15       000000
__Lbank16                      bank16       000000
__Lbank17                      bank17       000000
__Lbank18                      bank18       000000
__Lbank19                      bank19       000000
__Lbank2                       bank2        000000
__Lbank20                      bank20       000000
__Lbank21                      bank21       000000
__Lbank22                      bank22       000000
__Lbank23                      bank23       000000
__Lbank24                      bank24       000000
__Lbank25                      bank25       000000
__Lbank26                      bank26       000000
__Lbank27                      bank27       000000
__Lbank28                      bank28       000000
__Lbank29                      bank29       000000
__Lbank3                       bank3        000000
__Lbank30                      bank30       000000
__Lbank31                      bank31       000000
__Lbank4                       bank4        000000
__Lbank5                       bank5        000000
__Lbank6                       bank6        000000
__Lbank7                       bank7        000000
__Lbank8                       bank8        000000
__Lbank9                       bank9        000000
__Lbigbss                      bigbss       000000
__Lbigdata                     bigdata      000000
__Lbigram                      bigram       000000
__Lbigsfr                      bigsfr       000000
__Lbss                         bss          000000
__LbssBANK0                    bssBANK0     000000
__LbssCOMRAM                   bssCOMRAM    000000
__Lcinit                       cinit        000000
__Lclrtext                     clrtext      000000
__Lcomram                      comram       000000
__Lconfig                      config       000000
__Lconst                       const        000000
__LcstackCOMRAM                cstackCOMRAM 000000
__Ldata                        data         000000
__Leeprom_data                 eeprom_data  000000
__Lfarbss                      farbss       000000
__Lfardata                     fardata      000000
__Lheap                        heap         000000
__Libigdata                    ibigdata     000000
__Lidata                       idata        000000
__Lidloc                       idloc        000000
__Lifardata                    ifardata     000000
__Linit                        init         01FFFC
__Lintsave_regs                intsave_regs 000000
__Lirdata                      irdata       000000
__Lmediumconst                 mediumconst  000000
__LnvFARRAM                    nvFARRAM     000000
__Lnvbit                       nvbit        000000
__Lnvrram                      nvrram       000000
__Lparam                       rparam       000000
__Lpowerup                     powerup      000000
__Lram                         ram          000000
__Lramtop                      ramtop       002000
__Lrbit                        rbit         000000
__Lrbss                        rbss         000000
__Lrdata                       rdata        000000
__Lreset_vec                   reset_vec    000000
__Lrparam                      rparam       000000
__Lsfr                         sfr          000000
__Lsmallconst                  smallconst   002000
__Lspace_0                     (abs)        000000
__Lspace_1                     (abs)        000000
__Lspace_2                     (abs)        000000
__Lspace_4                     (abs)        000000
__Lstack                       stack        000000
__Lstruct                      struct       000000
__Ltemp                        temp         000000
__Ltext                        text         000000
__Ltext0                       text0        000000
__Ltext1                       text1        000000
__Ltext10                      text10       000000
__Ltext11                      text11       000000
__Ltext12                      text12       000000
__Ltext13                      text13       000000
__Ltext14                      text14       000000
__Ltext15                      text15       000000
__Ltext16                      text16       000000
__Ltext17                      text17       000000
__Ltext18                      text18       000000
__Ltext19                      text19       000000
__Ltext2                       text2        000000
__Ltext20                      text20       000000
__Ltext21                      text21       000000
__Ltext22                      text22       000000
__Ltext23                      text23       000000
__Ltext24                      text24       000000
__Ltext25                      text25       000000
__Ltext26                      text26       000000
__Ltext27                      text27       000000
__Ltext28                      text28       000000
__Ltext29                      text29       000000
__Ltext3                       text3        000000
__Ltext30                      text30       000000
__Ltext31                      text31       000000
__Ltext32                      text32       000000
__Ltext33                      text33       000000
__Ltext4                       text4        000000
__Ltext5                       text5        000000
__Ltext6                       text6        000000
__Ltext7                       text7        000000
__Ltext8                       text8        000000
__Ltext9                       text9        000000
__S0                           (abs)        020000
__S1                           (abs)        000080
__S4                           (abs)        000000
__S5                           (abs)        000000
___heap_hi                     (abs)        000000
___heap_lo                     (abs)        000000
___inthi_sp                    stack        000000
___inthi_stack_hi              stack        000000
___inthi_stack_lo              stack        000000
___intlo_sp                    stack        000000
___intlo_stack_hi              stack        000000
___intlo_stack_lo              stack        000000
___lldiv                       text32       00277C
___lldiv@counter               cstackCOMRAM 000019
___lldiv@dividend              cstackCOMRAM 00000D
___lldiv@divisor               cstackCOMRAM 000011
___lldiv@quotient              cstackCOMRAM 000015
___lmul                        text31       0029B8
___lmul@multiplicand           cstackCOMRAM 000005
___lmul@multiplier             cstackCOMRAM 000001
___lmul@product                cstackCOMRAM 000009
___lwdiv                       text25       002946
___lwdiv@counter               cstackCOMRAM 000007
___lwdiv@dividend              cstackCOMRAM 000001
___lwdiv@divisor               cstackCOMRAM 000003
___lwdiv@quotient              cstackCOMRAM 000005
___lwmod                       text9        002A8A
___lwmod@counter               cstackCOMRAM 000005
___lwmod@dividend              cstackCOMRAM 000001
___lwmod@divisor               cstackCOMRAM 000003
___param_bank                  (abs)        000000
___rparam_used                 (abs)        000001
___sp                          stack        000000
___stack_hi                    stack        000000
___stack_lo                    stack        000000
__accesstop                    (abs)        000060
__activetblptr                 (abs)        000003
__end_of_Buzzer_GetIntervalMs  text30       0024B4
__end_of_Buzzer_Update         text29       0023F6
__end_of_CLK_Initialize        text33       002D76
__end_of_DelayMs_WithBuzzer    text28       002A8A
__end_of_HCSR04_ReadDistanceCM text24       00256C
__end_of_LCD_Char              text20       002D4E
__end_of_LCD_Command           text22       002BC6
__end_of_LCD_Initialize        text21       002B44
__end_of_LCD_Print16           text19       0028C2
__end_of_LCD_PulseEnable       text23       002D5E
__end_of_LCD_SetCursor         text18       002C58
__end_of_PORT_Initialize       text17       002C78
__end_of_PPS_Initialize        text16       002CCE
__end_of_PWM2_Initialize       text14       002CB2
__end_of_PWM2_LoadDutyValue    text15       002D2E
__end_of_PWM2_Start            text13       002CE8
__end_of_TMR1_Initialize       text12       002D3E
__end_of_TMR1_Read             text27       002D02
__end_of_TMR1_Write            text26       002D6A
__end_of_TMR2_PWM_Initialize   text11       002D1A
__end_of___lldiv               text32       002820
__end_of___lmul                text31       002A22
__end_of___lwdiv               text25       0029B8
__end_of___lwmod               text9        002AEE
__end_of__initialization       cinit        002C90
__end_of_fputc                 text7        00277C
__end_of_fputs                 text6        002C00
__end_of_main                  text0        0021F4
__end_of_pad                   text5        002946
__end_of_putch                 text8        002D78
__end_of_read_prec_or_width    text10       002622
__end_of_sprintf               text1        002C30
__end_of_utoa                  text4        0026D0
__end_of_vfpfcnvrt             text3        00231C
__end_of_vfprintf              text2        002B86
__initialization               cinit        002C78
__mediumconst                  smallconst   002000
__pbssBANK0                    bssBANK0     000060
__pbssCOMRAM                   bssCOMRAM    00004F
__pcinit                       cinit        002C78
__pcstackCOMRAM                cstackCOMRAM 000001
__psmallconst                  smallconst   002000
__ptext0                       text0        002052
__ptext1                       text1        002C00
__ptext10                      text10       00256C
__ptext11                      text11       002D02
__ptext12                      text12       002D2E
__ptext13                      text13       002CCE
__ptext14                      text14       002C96
__ptext15                      text15       002D1A
__ptext16                      text16       002CB2
__ptext17                      text17       002C58
__ptext18                      text18       002C30
__ptext19                      text19       002820
__ptext2                       text2        002B44
__ptext20                      text20       002D3E
__ptext21                      text21       002AEE
__ptext22                      text22       002B86
__ptext23                      text23       002D4E
__ptext24                      text24       0024B4
__ptext25                      text25       002946
__ptext26                      text26       002D5E
__ptext27                      text27       002CE8
__ptext28                      text28       002A22
__ptext29                      text29       00231C
__ptext3                       text3        0021F4
__ptext30                      text30       0023F6
__ptext31                      text31       0029B8
__ptext32                      text32       00277C
__ptext33                      text33       002D6A
__ptext4                       text4        002622
__ptext5                       text5        0028C2
__ptext6                       text6        002BC6
__ptext7                       text7        0026D0
__ptext8                       text8        002D76
__ptext9                       text9        002A8A
__ramtop                       ramtop       002000
__smallconst                   smallconst   002000
_dbuf                          bssBANK0     000060
_flags                         bssCOMRAM    000055
_fputc                         text7        0026D0
_fputs                         text6        002BC6
_main                          text0        002052
_pad                           text5        0028C2
_prec                          bssCOMRAM    000051
_putch                         text8        002D76
_read_prec_or_width            text10       00256C
_sprintf                       text1        002C00
_utoa                          text4        002622
_vfpfcnvrt                     text3        0021F4
_vfprintf                      text2        002B44
_width                         bssCOMRAM    00004F
end_of_initialization          cinit        002C90
fputc@c                        cstackCOMRAM 000001
fputc@fp                       cstackCOMRAM 000003
fputs@c                        cstackCOMRAM 00000B
fputs@fp                       cstackCOMRAM 00000A
fputs@i                        cstackCOMRAM 00000C
fputs@s                        cstackCOMRAM 000009
intlevel0                      text         000000
intlevel1                      text         000000
intlevel2                      text         000000
intlevel3                      text         000000
isa$std                        (abs)        000001
isa$xinst                      (abs)        000000
main@deployed                  cstackCOMRAM 00004C
main@distance                  cstackCOMRAM 00004D
main@line                      cstackCOMRAM 00003B
pad@buf                        cstackCOMRAM 00000F
pad@fp                         cstackCOMRAM 00000E
pad@i                          cstackCOMRAM 000013
pad@p                          cstackCOMRAM 000010
read_prec_or_width@ap          cstackCOMRAM 000002
read_prec_or_width@c           cstackCOMRAM 000005
read_prec_or_width@fmt         cstackCOMRAM 000001
read_prec_or_width@n           cstackCOMRAM 000006
sprintf@ap                     cstackCOMRAM 00002D
sprintf@f                      cstackCOMRAM 00002E
sprintf@fmt                    cstackCOMRAM 00002A
sprintf@s                      cstackCOMRAM 000029
stackhi                        (abs)        000000
stacklo                        (abs)        000000
start                          init         01FFFC
start_initialization           cinit        002C78
utoa@d                         cstackCOMRAM 000016
utoa@fp                        cstackCOMRAM 000015
utoa@i                         cstackCOMRAM 00001B
utoa@p                         cstackCOMRAM 00001A
utoa@w                         cstackCOMRAM 000018
vfpfcnvrt@ap                   cstackCOMRAM 00001F
vfpfcnvrt@convarg              cstackCOMRAM 000020
vfpfcnvrt@cp                   cstackCOMRAM 000024
vfpfcnvrt@fmt                  cstackCOMRAM 00001E
vfpfcnvrt@fp                   cstackCOMRAM 00001D
vfprintf@ap                    cstackCOMRAM 000027
vfprintf@cfmt                  cstackCOMRAM 000028
vfprintf@fmt                   cstackCOMRAM 000026
vfprintf@fp                    cstackCOMRAM 000025


MODULE INFORMATION

Module		Function		Class		Link	Load	Size
C:\Program Files\Microchip\xc8\v3.10\pic\sources\c99\common\lwmod.c
		___lwmod       		CODE           	2A8A	0000	100

C:\Program Files\Microchip\xc8\v3.10\pic\sources\c99\common\lwmod.c estimated size: 100

C:\Program Files\Microchip\xc8\v3.10\pic\sources\c99\common\putch.c
		_putch         		CODE           	2D76	0000	2

C:\Program Files\Microchip\xc8\v3.10\pic\sources\c99\common\putch.c estimated size: 2

PWMservo.c
		_TMR1_Initialize		CODE           	2D2E	0000	16
		_TMR1_Write    		CODE           	2D5E	0000	12
		_PORT_Initialize		CODE           	2C58	0000	32
		_PWM2_Initialize		CODE           	2C96	0000	28
		_Buzzer_Update 		CODE           	231C	0000	218
		_PWM2_Start    		CODE           	2CCE	0000	26
		_LCD_Command   		CODE           	2B86	0000	64
		_DelayMs_WithBuzzer		CODE           	2A22	0000	104
		_HCSR04_ReadDistanceCM		CODE           	24B4	0000	184
		_LCD_PulseEnable		CODE           	2D4E	0000	16
		_main          		CODE           	2052	0000	418
		_PPS_Initialize		CODE           	2CB2	0000	28
		_LCD_Initialize		CODE           	2AEE	0000	86
		_TMR2_PWM_Initialize		CODE           	2D02	0000	24
		_LCD_SetCursor 		CODE           	2C30	0000	40
		_TMR1_Read     		CODE           	2CE8	0000	26
		_LCD_Char      		CODE           	2D3E	0000	16
		_LCD_Print16   		CODE           	2820	0000	162
		_CLK_Initialize		CODE           	2D6A	0000	12
		_Buzzer_GetIntervalMs		CODE           	23F6	0000	190
		_PWM2_LoadDutyValue		CODE           	2D1A	0000	20

PWMservo.c estimated size: 1722

C:\Program Files\Microchip\xc8\v3.10\pic\sources\c99\common\Umul32.c
		___lmul        		CODE           	29B8	0000	106

C:\Program Files\Microchip\xc8\v3.10\pic\sources\c99\common\Umul32.c estimated size: 106

C:\Program Files\Microchip\xc8\v3.10\pic\sources\c99\common\nf_fputs.c
		_fputs         		CODE           	2BC6	0000	58

C:\Program Files\Microchip\xc8\v3.10\pic\sources\c99\common\nf_fputs.c estimated size: 58

C:\Program Files\Microchip\xc8\v3.10\pic\sources\c99\common\lwdiv.c
		___lwdiv       		CODE           	2946	0000	114

C:\Program Files\Microchip\xc8\v3.10\pic\sources\c99\common\lwdiv.c estimated size: 114

C:\Program Files\Microchip\xc8\v3.10\pic\sources\c99\common\nf_sprintf.c
		_sprintf       		CODE           	2C00	0000	48

C:\Program Files\Microchip\xc8\v3.10\pic\sources\c99\common\nf_sprintf.c estimated size: 48

shared
		__initialization		CODE           	2C78	0000	24

shared estimated size: 24

C:\Program Files\Microchip\xc8\v3.10\pic\sources\c99\common\nf_fputc.c
		_fputc         		CODE           	26D0	0000	172

C:\Program Files\Microchip\xc8\v3.10\pic\sources\c99\common\nf_fputc.c estimated size: 172

C:\Program Files\Microchip\xc8\v3.10\pic\sources\c99\common\__lldiv.c
		___lldiv       		CODE           	277C	0000	164

C:\Program Files\Microchip\xc8\v3.10\pic\sources\c99\common\__lldiv.c estimated size: 164

C:\Program Files\Microchip\xc8\v3.10\pic\sources\c99\common\doprnt.c
		_read_prec_or_width		CODE           	256C	0000	182
		_vfpfcnvrt     		CODE           	21F4	0000	296
		_pad           		CODE           	28C2	0000	132
		_vfprintf      		CODE           	2B44	0000	66
		_utoa          		CODE           	2622	0000	174

C:\Program Files\Microchip\xc8\v3.10\pic\sources\c99\common\doprnt.c estimated size: 850

