Microchip MPLAB XC8 Compiler V3.10

Linker command line:

-W-3 \
  --edf=C:\Program Files\Microchip\xc8\v3.10\pic\dat\20250813170317_en.msgs \
  -pivt0x8=08h -cn \
  -h+dist/default/production\A8_IO_ports_relay.X.production.sym \
  --cmf=dist/default/production\A8_IO_ports_relay.X.production.cmf -z \
  -Q18F47K42 -oC:\Users\gutie\AppData\Local\Temp\xcAsno0.0\driver_tmp_3.o \
  --defsym=__MPLAB_BUILD=1 --fixupoverflow=error \
  -Mdist/default/production/A8_IO_ports_relay.X.production.map \
  --md=C:\Users\gutie\AppData\Local\Temp\xcAsno0.0\driver_tmp_0.dat -E1 \
  -ver=XC8 Compiler -ACODE=00h-01FFFFh -ACONST=00h-01FFFFh \
  -ASMALLCONST=02000h-020FFhx224,012000h-0120FFhx224 \
  -AMEDIUMCONST=02000h-0FFFFh,012000h-01FFFFh -ACOMRAM=01h-05Fh \
  -AABS1=00h-01FFFh -ABIGRAM=01h-01FFFh -ARAM=060h-0FFh,0100h-01FFhx31 \
  -ABANK0=060h-0FFh -ABANK1=0100h-01FFh -ABANK2=0200h-02FFh \
  -ABANK3=0300h-03FFh -ABANK4=0400h-04FFh -ABANK5=0500h-05FFh \
  -ABANK6=0600h-06FFh -ABANK7=0700h-07FFh -ABANK8=0800h-08FFh \
  -ABANK9=0900h-09FFh -ABANK10=0A00h-0AFFh -ABANK11=0B00h-0BFFh \
  -ABANK12=0C00h-0CFFh -ABANK13=0D00h-0DFFh -ABANK14=0E00h-0EFFh \
  -ABANK15=0F00h-0FFFh -ABANK16=01000h-010FFh -ABANK17=01100h-011FFh \
  -ABANK18=01200h-012FFh -ABANK19=01300h-013FFh -ABANK20=01400h-014FFh \
  -ABANK21=01500h-015FFh -ABANK22=01600h-016FFh -ABANK23=01700h-017FFh \
  -ABANK24=01800h-018FFh -ABANK25=01900h-019FFh -ABANK26=01A00h-01AFFh \
  -ABANK27=01B00h-01BFFh -ABANK28=01C00h-01CFFh -ABANK29=01D00h-01DFFh \
  -ABANK30=01E00h-01EFFh -ABANK31=01F00h-01FFFh \
  -ASFR=03800h-038FFhx7,03F00h-03F5Fh,03F60h-03FFFh -ABIGSFR=03800h-03FFFh \
  -ACONFIG=0300000h-0300009h -AIDLOC=0200000h-020000Fh \
  -AEEDATA=0310000h-03103FFh -peeprom_data=EEDATA -preset_vec=00h \
  -ppowerup=CODE,init -pramtop=02000h -psmallconst=SMALLCONST \
  -pmediumconst=MEDIUMCONST -pconst=CONST -AFARRAM=00h-00h \
  -prdata=COMRAM,nvrram=COMRAM,nvbit=COMRAM,rbss=COMRAM,rbit=COMRAM \
  -pfarbss=FARRAM,fardata=FARRAM,nvFARRAM=FARRAM \
  -pintsave_regs=BIGRAM,bigbss=BIGRAM,bigdata=BIGRAM -pbss=RAM \
  -pidata=CODE,irdata=CODE,ibigdata=CODE,ifardata=CODE -prparam=COMRAM \
  C:\Users\gutie\AppData\Local\Temp\xcAsno0.0\driver_tmp_9.o \
  dist/default/production\A8_IO_ports_relay.X.production.o 

Object code version is 3.11

Machine type is 18F47K42



                Name                               Link     Load   Length Selector   Space Scale
C:\Users\gutie\AppData\Local\Temp\xcAsno0.0\driver_tmp_9.o
                config                           300000   300000        A        0       4
                init                                 AE       AE        4        4       0
                reset_vec                             0        0        4        0       0
dist/default/production\A8_IO_ports_relay.X.production.o
                config                           300000   300000        A        0       4
                smallconst                         2000     2000        C     1000       0
                ivt0x8                                8        8       A6        4       0
                text21                             2318     2318       30     1006       0
                text20                             246E     246E        4     1006       0
                text19                             246A     246A        4     1006       0
                text18                             2466     2466        4     1006       0
                text17                             23DE     23DE       1A     1006       0
                text16                             2462     2462        4     1006       0
                text15                             244A     244A       10     1006       0
                text14                             224A     224A       54     1006       0
                text13                             2348     2348       28     1006       0
                text12                             245E     245E        4     1006       0
                text11                             23C4     23C4       1A     1006       0
                text10                             23AA     23AA       1A     1006       0
                text9                              2148     2148      102     1006       0
                text8                              2436     2436       14     1006       0
                text7                              238E     238E       1C     1006       0
                text6                              23F8     23F8       16     1006       0
                text5                              245A     245A        4     1006       0
                text4                              2422     2422       14     1006       0
                text3                              240E     240E       14     1006       0
                text2                              22E0     22E0       38     1006       0
                text1                              200C     200C      13C     1006       0
                text0                              229E     229E       42     1006       0
                cstackCOMRAM                          D        D        8        1       1
                bssCOMRAM                             1        1        C        1       1
                cinit                              2370     2370       1E     1006       0

TOTAL           Name                               Link     Load   Length     Space
        CLASS   CODE           
                init                                 AE       AE        4         0
                reset_vec                             0        0        4         0
                ivt0x8                                8        8       A6         0
                text21                             2318     2318       30         0
                text20                             246E     246E        4         0
                text19                             246A     246A        4         0
                text18                             2466     2466        4         0
                text17                             23DE     23DE       1A         0
                text16                             2462     2462        4         0
                text15                             244A     244A       10         0
                text14                             224A     224A       54         0
                text13                             2348     2348       28         0
                text12                             245E     245E        4         0
                text11                             23C4     23C4       1A         0
                text10                             23AA     23AA       1A         0
                text9                              2148     2148      102         0
                text8                              2436     2436       14         0
                text7                              238E     238E       1C         0
                text6                              23F8     23F8       16         0
                text5                              245A     245A        4         0
                text4                              2422     2422       14         0
                text3                              240E     240E       14         0
                text2                              22E0     22E0       38         0
                text1                              200C     200C      13C         0
                text0                              229E     229E       42         0
                cinit                              2370     2370       1E         0

        CLASS   CONST          

        CLASS   SMALLCONST     
                smallconst                         2000     2000        C         0

        CLASS   MEDIUMCONST    

        CLASS   COMRAM         
                cstackCOMRAM                          D        D        8         1
                bssCOMRAM                             1        1        C         1

        CLASS   ABS1           

        CLASS   BIGRAM         

        CLASS   RAM            

        CLASS   BANK0          

        CLASS   BANK1          

        CLASS   BANK2          

        CLASS   BANK3          

        CLASS   BANK4          

        CLASS   BANK5          

        CLASS   BANK6          

        CLASS   BANK7          

        CLASS   BANK8          

        CLASS   BANK9          

        CLASS   BANK10         

        CLASS   BANK11         

        CLASS   BANK12         

        CLASS   BANK13         

        CLASS   BANK14         

        CLASS   BANK15         

        CLASS   BANK16         

        CLASS   BANK17         

        CLASS   BANK18         

        CLASS   BANK19         

        CLASS   BANK20         

        CLASS   BANK21         

        CLASS   BANK22         

        CLASS   BANK23         

        CLASS   BANK24         

        CLASS   BANK25         

        CLASS   BANK26         

        CLASS   BANK27         

        CLASS   BANK28         

        CLASS   BANK29         

        CLASS   BANK30         

        CLASS   BANK31         

        CLASS   SFR            

        CLASS   BIGSFR         

        CLASS   CONFIG         
                config                           300000   300000        A         4

        CLASS   IDLOC          

        CLASS   EEDATA         

        CLASS   FARRAM         

        CLASS   HEAP           

        CLASS   STACK          



SEGMENTS        Name                           Load    Length   Top    Selector   Space  Class

                reset_vec                      000000  000004  000004         0       0  CODE    
                bssCOMRAM                      000001  000014  000015         1       1  COMRAM  
                ivt0x8                         000008  0000AA  0000B2         4       0  CODE    
                smallconst                     002000  00000C  00200C      1000       0  SMALLCON
                text1                          00200C  000466  002472      1006       0  CODE    


UNUSED ADDRESS RANGES

        Name                Unused          Largest block    Delta
        BANK0            000060-0000FF               A0
        BANK1            000100-0001FF              100
        BANK10           000A00-000AFF              100
        BANK11           000B00-000BFF              100
        BANK12           000C00-000CFF              100
        BANK13           000D00-000DFF              100
        BANK14           000E00-000EFF              100
        BANK15           000F00-000FFF              100
        BANK16           001000-0010FF              100
        BANK17           001100-0011FF              100
        BANK18           001200-0012FF              100
        BANK19           001300-0013FF              100
        BANK2            000200-0002FF              100
        BANK20           001400-0014FF              100
        BANK21           001500-0015FF              100
        BANK22           001600-0016FF              100
        BANK23           001700-0017FF              100
        BANK24           001800-0018FF              100
        BANK25           001900-0019FF              100
        BANK26           001A00-001AFF              100
        BANK27           001B00-001BFF              100
        BANK28           001C00-001CFF              100
        BANK29           001D00-001DFF              100
        BANK3            000300-0003FF              100
        BANK30           001E00-001EFF              100
        BANK31           001F00-001FFF              100
        BANK4            000400-0004FF              100
        BANK5            000500-0005FF              100
        BANK6            000600-0006FF              100
        BANK7            000700-0007FF              100
        BANK8            000800-0008FF              100
        BANK9            000900-0009FF              100
        BIGRAM           000015-001FFF             1FEB
        BIGSFR           003800-003FFF              800
        CODE             000004-000007                4
                         0000B2-001FFF             1F4E
                         002472-01FFFF            1DB8E
        COMRAM           000015-00005F               4B
        CONST            000004-000007                4
                         0000B2-001FFF             1F4E
                         002472-01FFFF            1DB8E
        EEDATA           310000-3103FF              400
        IDLOC            200000-20000F               10
        MEDIUMCONST      002472-00FFFF             DB8E
                         012000-01FFFF             E000
        RAM              000060-001FFF              100
        SFR              003800-003FFF              100
        SMALLCONST       002472-00FFFF              100
                         012000-01FFFF              100

                                  Symbol Table

DelayMs_Blocking@ms                cstackCOMRAM 00000D
EmergencyOn@i                      cstackCOMRAM 00000F
IVTBASEH                           (abs)        003FD6
IVTBASEL                           (abs)        003FD5
IVTBASEU                           (abs)        003FD7
Seg7_Display@digit                 cstackCOMRAM 00000F
Seg7_Display@pattern               cstackCOMRAM 00000E
Update_SensorsAndCounts@pr1_active cstackCOMRAM 000012
Update_SensorsAndCounts@pr2_active cstackCOMRAM 000013
_ANSELB                            (abs)        003A50
_ANSELD                            (abs)        003A70
_BUZZER_Off                        text20       00246E
_BUZZER_On                         text19       00246A
_Check_Emergency_SW                bssCOMRAM    00000C
_DelayMs_Blocking                  text13       002348
_EmergencyOn                       text14       00224A
_Emergency_Initialize              text8        002436
_GPIO_Initialize                   text7        00238E
_Handle_CorrectCode                text11       0023C4
_Handle_WrongCode                  text10       0023AA
_INTCON0bits                       (abs)        003FD2
_IOCBFbits                         (abs)        003A57
_IOCBNbits                         (abs)        003A56
_IOCBPbits                         (abs)        003A55
_ISR_IOC                           text21       002318
_LATB                              (abs)        003FBB
_LATBbits                          (abs)        003FBB
_LATD                              (abs)        003FBD
_PIE0bits                          (abs)        003990
_PIR0bits                          (abs)        0039A0
_PORTBbits                         (abs)        003FCB
_PR1Prev                           bssCOMRAM    000007
_PR1_Count                         bssCOMRAM    00000B
_PR1_DONE                          bssCOMRAM    000003
_PR1_Debounce                      bssCOMRAM    000009
_PR1_IsActive                      text4        002422
_PR2Prev                           bssCOMRAM    000006
_PR2_Count                         bssCOMRAM    00000A
_PR2_DONE                          bssCOMRAM    000001
_PR2_Debounce                      bssCOMRAM    000008
_PR2_IsActive                      text3        00240E
_Process_System                    text9        002148
_RELAY_Off                         text18       002466
_RELAY_On                          text12       00245E
_Reset_InputData                   text17       0023DE
_Reset_To_Start                    text15       00244A
_SEG_Clear                         text16       002462
_SYSTEM_Initialize                 text6        0023F8
_SYS_LED_On                        text5        00245A
_Seg7_Digits                       smallconst   002001
_Seg7_Display                      text2        0022E0
_SystemState                       bssCOMRAM    000005
_TRISBbits                         (abs)        003FC3
_TRISD                             (abs)        003FC5
_Update_SensorsAndCounts           text1        00200C
_WPUBbits                          (abs)        003A51
__HRAM                             (abs)        000000
__H__absolute__                    __absolute__ 000000
__Habs1                            abs1         000000
__Hbank0                           bank0        000000
__Hbank1                           bank1        000000
__Hbank10                          bank10       000000
__Hbank11                          bank11       000000
__Hbank12                          bank12       000000
__Hbank13                          bank13       000000
__Hbank14                          bank14       000000
__Hbank15                          bank15       000000
__Hbank16                          bank16       000000
__Hbank17                          bank17       000000
__Hbank18                          bank18       000000
__Hbank19                          bank19       000000
__Hbank2                           bank2        000000
__Hbank20                          bank20       000000
__Hbank21                          bank21       000000
__Hbank22                          bank22       000000
__Hbank23                          bank23       000000
__Hbank24                          bank24       000000
__Hbank25                          bank25       000000
__Hbank26                          bank26       000000
__Hbank27                          bank27       000000
__Hbank28                          bank28       000000
__Hbank29                          bank29       000000
__Hbank3                           bank3        000000
__Hbank30                          bank30       000000
__Hbank31                          bank31       000000
__Hbank4                           bank4        000000
__Hbank5                           bank5        000000
__Hbank6                           bank6        000000
__Hbank7                           bank7        000000
__Hbank8                           bank8        000000
__Hbank9                           bank9        000000
__Hbigbss                          bigbss       000000
__Hbigdata                         bigdata      000000
__Hbigram                          bigram       000000
__Hbigsfr                          bigsfr       000000
__Hbss                             bss          000000
__HbssCOMRAM                       bssCOMRAM    000000
__Hcinit                           cinit        000000
__Hclrtext                         clrtext      000000
__Hcomram                          comram       000000
__Hconfig                          config       30000A
__Hconst                           const        000000
__HcstackCOMRAM                    cstackCOMRAM 000000
__Hdata                            data         000000
__Heeprom_data                     eeprom_data  000000
__Hfarbss                          farbss       000000
__Hfardata                         fardata      000000
__Hheap                            heap         000000
__Hibigdata                        ibigdata     000000
__Hidata                           idata        000000
__Hidloc                           idloc        000000
__Hifardata                        ifardata     000000
__Hinit                            init         0000B2
__Hintsave_regs                    intsave_regs 000000
__Hirdata                          irdata       000000
__Hivt0x8                          ivt0x8       0000AE
__Hmediumconst                     mediumconst  000000
__HnvFARRAM                        nvFARRAM     000000
__Hnvbit                           nvbit        000000
__Hnvrram                          nvrram       000000
__Hparam                           rparam       000000
__Hpowerup                         powerup      000000
__Hram                             ram          000000
__Hramtop                          ramtop       002000
__Hrbit                            rbit         000000
__Hrbss                            rbss         000000
__Hrdata                           rdata        000000
__Hreset_vec                       reset_vec    000004
__Hrparam                          rparam       000000
__Hsfr                             sfr          000000
__Hsmallconst                      smallconst   00200C
__Hspace_0                         (abs)        002472
__Hspace_1                         (abs)        000015
__Hspace_2                         (abs)        000000
__Hspace_4                         (abs)        60000A
__Hstack                           stack        000000
__Hstruct                          struct       000000
__Htemp                            temp         000000
__Htext                            text         000000
__Htext0                           text0        000000
__Htext1                           text1        000000
__Htext10                          text10       000000
__Htext11                          text11       000000
__Htext12                          text12       000000
__Htext13                          text13       000000
__Htext14                          text14       000000
__Htext15                          text15       000000
__Htext16                          text16       000000
__Htext17                          text17       000000
__Htext18                          text18       000000
__Htext19                          text19       000000
__Htext2                           text2        000000
__Htext20                          text20       000000
__Htext21                          text21       000000
__Htext3                           text3        000000
__Htext4                           text4        000000
__Htext5                           text5        000000
__Htext6                           text6        000000
__Htext7                           text7        000000
__Htext8                           text8        000000
__Htext9                           text9        000000
__LRAM                             (abs)        000001
__L__absolute__                    __absolute__ 000000
__Labs1                            abs1         000000
__Lbank0                           bank0        000000
__Lbank1                           bank1        000000
__Lbank10                          bank10       000000
__Lbank11                          bank11       000000
__Lbank12                          bank12       000000
__Lbank13                          bank13       000000
__Lbank14                          bank14       000000
__Lbank15                          bank15       000000
__Lbank16                          bank16       000000
__Lbank17                          bank17       000000
__Lbank18                          bank18       000000
__Lbank19                          bank19       000000
__Lbank2                           bank2        000000
__Lbank20                          bank20       000000
__Lbank21                          bank21       000000
__Lbank22                          bank22       000000
__Lbank23                          bank23       000000
__Lbank24                          bank24       000000
__Lbank25                          bank25       000000
__Lbank26                          bank26       000000
__Lbank27                          bank27       000000
__Lbank28                          bank28       000000
__Lbank29                          bank29       000000
__Lbank3                           bank3        000000
__Lbank30                          bank30       000000
__Lbank31                          bank31       000000
__Lbank4                           bank4        000000
__Lbank5                           bank5        000000
__Lbank6                           bank6        000000
__Lbank7                           bank7        000000
__Lbank8                           bank8        000000
__Lbank9                           bank9        000000
__Lbigbss                          bigbss       000000
__Lbigdata                         bigdata      000000
__Lbigram                          bigram       000000
__Lbigsfr                          bigsfr       000000
__Lbss                             bss          000000
__LbssCOMRAM                       bssCOMRAM    000000
__Lcinit                           cinit        000000
__Lclrtext                         clrtext      000000
__Lcomram                          comram       000000
__Lconfig                          config       000000
__Lconst                           const        000000
__LcstackCOMRAM                    cstackCOMRAM 000000
__Ldata                            data         000000
__Leeprom_data                     eeprom_data  000000
__Lfarbss                          farbss       000000
__Lfardata                         fardata      000000
__Lheap                            heap         000000
__Libigdata                        ibigdata     000000
__Lidata                           idata        000000
__Lidloc                           idloc        000000
__Lifardata                        ifardata     000000
__Linit                            init         0000AE
__Lintsave_regs                    intsave_regs 000000
__Lirdata                          irdata       000000
__Livt0x8                          ivt0x8       000008
__Lmediumconst                     mediumconst  000000
__LnvFARRAM                        nvFARRAM     000000
__Lnvbit                           nvbit        000000
__Lnvrram                          nvrram       000000
__Lparam                           rparam       000000
__Lpowerup                         powerup      000000
__Lram                             ram          000000
__Lramtop                          ramtop       002000
__Lrbit                            rbit         000000
__Lrbss                            rbss         000000
__Lrdata                           rdata        000000
__Lreset_vec                       reset_vec    000000
__Lrparam                          rparam       000000
__Lsfr                             sfr          000000
__Lsmallconst                      smallconst   002000
__Lspace_0                         (abs)        000000
__Lspace_1                         (abs)        000000
__Lspace_2                         (abs)        000000
__Lspace_4                         (abs)        000000
__Lstack                           stack        000000
__Lstruct                          struct       000000
__Ltemp                            temp         000000
__Ltext                            text         000000
__Ltext0                           text0        000000
__Ltext1                           text1        000000
__Ltext10                          text10       000000
__Ltext11                          text11       000000
__Ltext12                          text12       000000
__Ltext13                          text13       000000
__Ltext14                          text14       000000
__Ltext15                          text15       000000
__Ltext16                          text16       000000
__Ltext17                          text17       000000
__Ltext18                          text18       000000
__Ltext19                          text19       000000
__Ltext2                           text2        000000
__Ltext20                          text20       000000
__Ltext21                          text21       000000
__Ltext3                           text3        000000
__Ltext4                           text4        000000
__Ltext5                           text5        000000
__Ltext6                           text6        000000
__Ltext7                           text7        000000
__Ltext8                           text8        000000
__Ltext9                           text9        000000
__S0                               (abs)        002472
__S1                               (abs)        000015
__S4                               (abs)        000000
__S5                               (abs)        000000
___heap_hi                         (abs)        000000
___heap_lo                         (abs)        000000
___inthi_sp                        stack        000000
___inthi_stack_hi                  stack        000000
___inthi_stack_lo                  stack        000000
___intlo_sp                        stack        000000
___intlo_stack_hi                  stack        000000
___intlo_stack_lo                  stack        000000
___param_bank                      (abs)        000000
___rparam_used                     (abs)        000001
___sp                              stack        000000
___stack_hi                        stack        000000
___stack_lo                        stack        000000
__accesstop                        (abs)        000060
__activetblptr                     (abs)        000003
__end_of_BUZZER_Off                text20       002472
__end_of_BUZZER_On                 text19       00246E
__end_of_DelayMs_Blocking          text13       002370
__end_of_EmergencyOn               text14       00229E
__end_of_Emergency_Initialize      text8        00244A
__end_of_GPIO_Initialize           text7        0023AA
__end_of_Handle_CorrectCode        text11       0023DE
__end_of_Handle_WrongCode          text10       0023C4
__end_of_ISR_IOC                   text21       002348
__end_of_PR1_IsActive              text4        002436
__end_of_PR2_IsActive              text3        002422
__end_of_Process_System            text9        00224A
__end_of_RELAY_Off                 text18       00246A
__end_of_RELAY_On                  text12       002462
__end_of_Reset_InputData           text17       0023F8
__end_of_Reset_To_Start            text15       00245A
__end_of_SEG_Clear                 text16       002466
__end_of_SYSTEM_Initialize         text6        00240E
__end_of_SYS_LED_On                text5        00245E
__end_of_Seg7_Digits               smallconst   00200B
__end_of_Seg7_Display              text2        002318
__end_of_Update_SensorsAndCounts   text1        002148
__end_of__initialization           cinit        002388
__end_of_main                      text0        0022E0
__initialization                   cinit        002370
__mediumconst                      smallconst   002000
__pbssCOMRAM                       bssCOMRAM    000001
__pcinit                           cinit        002370
__pcstackCOMRAM                    cstackCOMRAM 00000D
__pivt0x8                          ivt0x8       000008
__psmallconst                      smallconst   002000
__ptext0                           text0        00229E
__ptext1                           text1        00200C
__ptext10                          text10       0023AA
__ptext11                          text11       0023C4
__ptext12                          text12       00245E
__ptext13                          text13       002348
__ptext14                          text14       00224A
__ptext15                          text15       00244A
__ptext16                          text16       002462
__ptext17                          text17       0023DE
__ptext18                          text18       002466
__ptext19                          text19       00246A
__ptext2                           text2        0022E0
__ptext20                          text20       00246E
__ptext21                          text21       002318
__ptext3                           text3        00240E
__ptext4                           text4        002422
__ptext5                           text5        00245A
__ptext6                           text6        0023F8
__ptext7                           text7        00238E
__ptext8                           text8        002436
__ptext9                           text9        002148
__ramtop                           ramtop       002000
__smallconst                       smallconst   002000
_main                              text0        00229E
end_of_initialization              cinit        002388
intlevel0                          text         000000
intlevel1                          text         000000
intlevel2                          text         000000
intlevel3                          text         000000
isa$std                            (abs)        000001
isa$xinst                          (abs)        000000
ivt0x8_base                        ivt0x8       000008
ivt0x8_undefint                    ivt0x8       0000AC
stackhi                            (abs)        000000
stacklo                            (abs)        000000
start                              init         0000AE
start_initialization               cinit        002370


MODULE INFORMATION

Module		Function		Class		Link	Load	Size
Photoresistor_lockbox.c
		_Handle_WrongCode		CODE           	23AA	0000	26
		_Reset_InputData		CODE           	23DE	0000	26
		_ISR_IOC       		CODE           	2318	0000	48
		_GPIO_Initialize		CODE           	238E	0000	28
		_SYS_LED_On    		CODE           	245A	0000	4
		_Handle_CorrectCode		CODE           	23C4	0000	26
		_main          		CODE           	229E	0000	66
		_Seg7_Display  		CODE           	22E0	0000	56
		_Update_SensorsAndCounts		CODE           	200C	0000	316
		_EmergencyOn   		CODE           	224A	0000	84
		_Reset_To_Start		CODE           	244A	0000	16
		_DelayMs_Blocking		CODE           	2348	0000	40
		_RELAY_On      		CODE           	245E	0000	4
		_RELAY_Off     		CODE           	2466	0000	4
		_BUZZER_On     		CODE           	246A	0000	4
		_BUZZER_Off    		CODE           	246E	0000	4
		_SYSTEM_Initialize		CODE           	23F8	0000	22
		_SEG_Clear     		CODE           	2462	0000	4
		_PR1_IsActive  		CODE           	2422	0000	20
		_Emergency_Initialize		CODE           	2436	0000	20
		_PR2_IsActive  		CODE           	240E	0000	20
		_Process_System		CODE           	2148	0000	258

Photoresistor_lockbox.c estimated size: 1096

shared
		_Seg7_Digits   		SMALLCONST     	2001	0000	10
		__initialization		CODE           	2370	0000	24

shared estimated size: 34

